// Jest Snapshot v1, https://goo.gl/fbAQLP

exports[`Tabs tests Snapshot test  1`] = `
<div>
  <div
    class="y w-full flex  gap-x-2 justify-evenl px-4 mb-5 "
  >
    <span
      class="w-full px-4 shadow-md border-b-2 text-black font-bold text-center cursor-pointer hover:bg-blue-400 "
    >
      Tab 1
    </span>
    <span
      class="w-full px-4 shadow-md border-b-2 text-black font-bold text-center cursor-pointer hover:bg-blue-400 "
    >
      Tab 2
    </span>
  </div>
</div>
`;
